// Jest Snapshot v1, https://goo.gl/fbAQLP

exports[`Trip displays correctly 1`] = `
<div
  className="trip"
>
  <div
    className="MuiGrid-root"
    id="map-component"
  >
    <div
      id="map"
    />
  </div>
  <div
    className="MuiGrid-root foreground MuiGrid-container MuiGrid-justify-xs-space-between"
  >
    <div
      className="MuiGrid-root MuiGrid-item"
      id="finalized-component"
    >
      <div>
        <div>
          <div>
            <header
              className="header"
            >
              <div
                className="calendar__title"
              >
                <div
                  className="icon secondary chevron_left"
                  onClick={[Function]}
                >
                  ‹
                </div>
                <button
                  className="secondary"
                >
                  EST
                </button>
                <div
                  className="MuiFormControl-root MuiTextField-root MuiFormControl-marginNormal"
                  style={
                    Object {
                      "left": "15px",
                      "maxWidth": "141px",
                      "position": "relative",
                    }
                  }
                >
                  <label
                    className="MuiFormLabel-root MuiInputLabel-root MuiInputLabel-formControl MuiInputLabel-animated"
                    data-shrink={false}
                    htmlFor="displayDate"
                    id="displayDate-label"
                  >
                    Display Date
                  </label>
                  <div
                    className="MuiInputBase-root MuiInput-root MuiInput-underline MuiInputBase-formControl MuiInput-formControl MuiInputBase-adornedEnd"
                    onClick={[Function]}
                  >
                    <input
                      aria-invalid={false}
                      autoFocus={false}
                      className="MuiInputBase-input MuiInput-input MuiInputBase-inputAdornedEnd"
                      disabled={false}
                      id="displayDate"
                      onAnimationStart={[Function]}
                      onBlur={[Function]}
                      onChange={[Function]}
                      onFocus={[Function]}
                      required={false}
                      type="text"
                      value="07/14/2020"
                    />
                    <div
                      className="MuiInputAdornment-root MuiInputAdornment-positionEnd"
                    >
                      <button
                        className="MuiButtonBase-root MuiIconButton-root"
                        disabled={false}
                        onBlur={[Function]}
                        onClick={[Function]}
                        onDragLeave={[Function]}
                        onFocus={[Function]}
                        onKeyDown={[Function]}
                        onKeyUp={[Function]}
                        onMouseDown={[Function]}
                        onMouseLeave={[Function]}
                        onMouseUp={[Function]}
                        onTouchEnd={[Function]}
                        onTouchMove={[Function]}
                        onTouchStart={[Function]}
                        tabIndex={0}
                        type="button"
                      >
                        <span
                          className="MuiIconButton-label"
                        >
                          <svg
                            aria-hidden={true}
                            className="MuiSvgIcon-root"
                            focusable="false"
                            viewBox="0 0 24 24"
                          >
                            <path
                              d="M17 12h-5v5h5v-5zM16 1v2H8V1H6v2H5c-1.11 0-1.99.9-1.99 2L3 19c0 1.1.89 2 2 2h14c1.1 0 2-.9 2-2V5c0-1.1-.9-2-2-2h-1V1h-2zm3 18H5V8h14v11z"
                            />
                            <path
                              d="M0 0h24v24H0z"
                              fill="none"
                            />
                          </svg>
                        </span>
                        <span
                          className="MuiTouchRipple-root"
                        />
                      </button>
                    </div>
                  </div>
                  
                </div>
                <div
                  className="icon secondary chevron_left"
                  onClick={[Function]}
                  style={
                    Object {
                      "left": "15px",
                    }
                  }
                >
                  ›
                </div>
              </div>
              <div
                className="gap"
              />
            </header>
            <table>
              <thead
                className="header-name"
              >
                <h6
                  className="MuiTypography-root MuiTypography-h6 MuiTypography-gutterBottom"
                >
                  Itinerary
                </h6>
              </thead>
            </table>
          </div>
          <div
            className="outer"
          >
            <table
              className="offset"
            >
              <tbody>
                <tr />
                <div
                  id="intervals"
                >
                  <div
                    className="OneHourInterval"
                  >
                    <tr
                      className="OneHourInterval"
                    >
                      <td
                        className="headcol"
                      >
                        0:00
                      </td>
                      <td
                        className="Interval"
                        id="0:00"
                        onClick={[Function]}
                      />
                    </tr>
                    <tr
                      className="OneHourInterval"
                    >
                      <td
                        className="headcol"
                      />
                      <td
                        className="Interval"
                        id="0:30"
                        onClick={[Function]}
                      />
                    </tr>
                  </div>
                  <div
                    className="OneHourInterval"
                  >
                    <tr
                      className="OneHourInterval"
                    >
                      <td
                        className="headcol"
                      >
                        1:00
                      </td>
                      <td
                        className="Interval"
                        id="1:00"
                        onClick={[Function]}
                      />
                    </tr>
                    <tr
                      className="OneHourInterval"
                    >
                      <td
                        className="headcol"
                      />
                      <td
                        className="Interval"
                        id="1:30"
                        onClick={[Function]}
                      />
                    </tr>
                  </div>
                  <div
                    className="OneHourInterval"
                  >
                    <tr
                      className="OneHourInterval"
                    >
                      <td
                        className="headcol"
                      >
                        2:00
                      </td>
                      <td
                        className="Interval"
                        id="2:00"
                        onClick={[Function]}
                      />
                    </tr>
                    <tr
                      className="OneHourInterval"
                    >
                      <td
                        className="headcol"
                      />
                      <td
                        className="Interval"
                        id="2:30"
                        onClick={[Function]}
                      />
                    </tr>
                  </div>
                  <div
                    className="OneHourInterval"
                  >
                    <tr
                      className="OneHourInterval"
                    >
                      <td
                        className="headcol"
                      >
                        3:00
                      </td>
                      <td
                        className="Interval"
                        id="3:00"
                        onClick={[Function]}
                      />
                    </tr>
                    <tr
                      className="OneHourInterval"
                    >
                      <td
                        className="headcol"
                      />
                      <td
                        className="Interval"
                        id="3:30"
                        onClick={[Function]}
                      />
                    </tr>
                  </div>
                  <div
                    className="OneHourInterval"
                  >
                    <tr
                      className="OneHourInterval"
                    >
                      <td
                        className="headcol"
                      >
                        4:00
                      </td>
                      <td
                        className="Interval"
                        id="4:00"
                        onClick={[Function]}
                      />
                    </tr>
                    <tr
                      className="OneHourInterval"
                    >
                      <td
                        className="headcol"
                      />
                      <td
                        className="Interval"
                        id="4:30"
                        onClick={[Function]}
                      />
                    </tr>
                  </div>
                  <div
                    className="OneHourInterval"
                  >
                    <tr
                      className="OneHourInterval"
                    >
                      <td
                        className="headcol"
                      >
                        5:00
                      </td>
                      <td
                        className="Interval"
                        id="5:00"
                        onClick={[Function]}
                      />
                    </tr>
                    <tr
                      className="OneHourInterval"
                    >
                      <td
                        className="headcol"
                      />
                      <td
                        className="Interval"
                        id="5:30"
                        onClick={[Function]}
                      />
                    </tr>
                  </div>
                  <div
                    className="OneHourInterval"
                  >
                    <tr
                      className="OneHourInterval"
                    >
                      <td
                        className="headcol"
                      >
                        6:00
                      </td>
                      <td
                        className="Interval"
                        id="6:00"
                        onClick={[Function]}
                      />
                    </tr>
                    <tr
                      className="OneHourInterval"
                    >
                      <td
                        className="headcol"
                      />
                      <td
                        className="Interval"
                        id="6:30"
                        onClick={[Function]}
                      />
                    </tr>
                  </div>
                  <div
                    className="OneHourInterval"
                  >
                    <tr
                      className="OneHourInterval"
                    >
                      <td
                        className="headcol"
                      >
                        7:00
                      </td>
                      <td
                        className="Interval"
                        id="7:00"
                        onClick={[Function]}
                      />
                    </tr>
                    <tr
                      className="OneHourInterval"
                    >
                      <td
                        className="headcol"
                      />
                      <td
                        className="Interval"
                        id="7:30"
                        onClick={[Function]}
                      />
                    </tr>
                  </div>
                  <div
                    className="OneHourInterval"
                  >
                    <tr
                      className="OneHourInterval"
                    >
                      <td
                        className="headcol"
                      >
                        8:00
                      </td>
                      <td
                        className="Interval"
                        id="8:00"
                        onClick={[Function]}
                      />
                    </tr>
                    <tr
                      className="OneHourInterval"
                    >
                      <td
                        className="headcol"
                      />
                      <td
                        className="Interval"
                        id="8:30"
                        onClick={[Function]}
                      />
                    </tr>
                  </div>
                  <div
                    className="OneHourInterval"
                  >
                    <tr
                      className="OneHourInterval"
                    >
                      <td
                        className="headcol"
                      >
                        9:00
                      </td>
                      <td
                        className="Interval"
                        id="9:00"
                        onClick={[Function]}
                      />
                    </tr>
                    <tr
                      className="OneHourInterval"
                    >
                      <td
                        className="headcol"
                      />
                      <td
                        className="Interval"
                        id="9:30"
                        onClick={[Function]}
                      />
                    </tr>
                  </div>
                  <div
                    className="OneHourInterval"
                  >
                    <tr
                      className="OneHourInterval"
                    >
                      <td
                        className="headcol"
                      >
                        10:00
                      </td>
                      <td
                        className="Interval"
                        id="10:00"
                        onClick={[Function]}
                      />
                    </tr>
                    <tr
                      className="OneHourInterval"
                    >
                      <td
                        className="headcol"
                      />
                      <td
                        className="Interval"
                        id="10:30"
                        onClick={[Function]}
                      />
                    </tr>
                  </div>
                  <div
                    className="OneHourInterval"
                  >
                    <tr
                      className="OneHourInterval"
                    >
                      <td
                        className="headcol"
                      >
                        11:00
                      </td>
                      <td
                        className="Interval"
                        id="11:00"
                        onClick={[Function]}
                      />
                    </tr>
                    <tr
                      className="OneHourInterval"
                    >
                      <td
                        className="headcol"
                      />
                      <td
                        className="Interval"
                        id="11:30"
                        onClick={[Function]}
                      />
                    </tr>
                  </div>
                  <div
                    className="OneHourInterval"
                  >
                    <tr
                      className="OneHourInterval"
                    >
                      <td
                        className="headcol"
                      >
                        12:00
                      </td>
                      <td
                        className="Interval"
                        id="12:00"
                        onClick={[Function]}
                      />
                    </tr>
                    <tr
                      className="OneHourInterval"
                    >
                      <td
                        className="headcol"
                      />
                      <td
                        className="Interval"
                        id="12:30"
                        onClick={[Function]}
                      />
                    </tr>
                  </div>
                  <div
                    className="OneHourInterval"
                  >
                    <tr
                      className="OneHourInterval"
                    >
                      <td
                        className="headcol"
                      >
                        13:00
                      </td>
                      <td
                        className="Interval"
                        id="13:00"
                        onClick={[Function]}
                      />
                    </tr>
                    <tr
                      className="OneHourInterval"
                    >
                      <td
                        className="headcol"
                      />
                      <td
                        className="Interval"
                        id="13:30"
                        onClick={[Function]}
                      />
                    </tr>
                  </div>
                  <div
                    className="OneHourInterval"
                  >
                    <tr
                      className="OneHourInterval"
                    >
                      <td
                        className="headcol"
                      >
                        14:00
                      </td>
                      <td
                        className="Interval"
                        id="14:00"
                        onClick={[Function]}
                      />
                    </tr>
                    <tr
                      className="OneHourInterval"
                    >
                      <td
                        className="headcol"
                      />
                      <td
                        className="Interval"
                        id="14:30"
                        onClick={[Function]}
                      />
                    </tr>
                  </div>
                  <div
                    className="OneHourInterval"
                  >
                    <tr
                      className="OneHourInterval"
                    >
                      <td
                        className="headcol"
                      >
                        15:00
                      </td>
                      <td
                        className="Interval"
                        id="15:00"
                        onClick={[Function]}
                      />
                    </tr>
                    <tr
                      className="OneHourInterval"
                    >
                      <td
                        className="headcol"
                      />
                      <td
                        className="Interval"
                        id="15:30"
                        onClick={[Function]}
                      />
                    </tr>
                  </div>
                  <div
                    className="OneHourInterval"
                  >
                    <tr
                      className="OneHourInterval"
                    >
                      <td
                        className="headcol"
                      >
                        16:00
                      </td>
                      <td
                        className="Interval"
                        id="16:00"
                        onClick={[Function]}
                      />
                    </tr>
                    <tr
                      className="OneHourInterval"
                    >
                      <td
                        className="headcol"
                      />
                      <td
                        className="Interval"
                        id="16:30"
                        onClick={[Function]}
                      />
                    </tr>
                  </div>
                  <div
                    className="OneHourInterval"
                  >
                    <tr
                      className="OneHourInterval"
                    >
                      <td
                        className="headcol"
                      >
                        17:00
                      </td>
                      <td
                        className="Interval"
                        id="17:00"
                        onClick={[Function]}
                      />
                    </tr>
                    <tr
                      className="OneHourInterval"
                    >
                      <td
                        className="headcol"
                      />
                      <td
                        className="Interval"
                        id="17:30"
                        onClick={[Function]}
                      />
                    </tr>
                  </div>
                  <div
                    className="OneHourInterval"
                  >
                    <tr
                      className="OneHourInterval"
                    >
                      <td
                        className="headcol"
                      >
                        18:00
                      </td>
                      <td
                        className="Interval"
                        id="18:00"
                        onClick={[Function]}
                      />
                    </tr>
                    <tr
                      className="OneHourInterval"
                    >
                      <td
                        className="headcol"
                      />
                      <td
                        className="Interval"
                        id="18:30"
                        onClick={[Function]}
                      />
                    </tr>
                  </div>
                  <div
                    className="OneHourInterval"
                  >
                    <tr
                      className="OneHourInterval"
                    >
                      <td
                        className="headcol"
                      >
                        19:00
                      </td>
                      <td
                        className="Interval"
                        id="19:00"
                        onClick={[Function]}
                      />
                    </tr>
                    <tr
                      className="OneHourInterval"
                    >
                      <td
                        className="headcol"
                      />
                      <td
                        className="Interval"
                        id="19:30"
                        onClick={[Function]}
                      />
                    </tr>
                  </div>
                  <div
                    className="OneHourInterval"
                  >
                    <tr
                      className="OneHourInterval"
                    >
                      <td
                        className="headcol"
                      >
                        20:00
                      </td>
                      <td
                        className="Interval"
                        id="20:00"
                        onClick={[Function]}
                      />
                    </tr>
                    <tr
                      className="OneHourInterval"
                    >
                      <td
                        className="headcol"
                      />
                      <td
                        className="Interval"
                        id="20:30"
                        onClick={[Function]}
                      />
                    </tr>
                  </div>
                  <div
                    className="OneHourInterval"
                  >
                    <tr
                      className="OneHourInterval"
                    >
                      <td
                        className="headcol"
                      >
                        21:00
                      </td>
                      <td
                        className="Interval"
                        id="21:00"
                        onClick={[Function]}
                      />
                    </tr>
                    <tr
                      className="OneHourInterval"
                    >
                      <td
                        className="headcol"
                      />
                      <td
                        className="Interval"
                        id="21:30"
                        onClick={[Function]}
                      />
                    </tr>
                  </div>
                  <div
                    className="OneHourInterval"
                  >
                    <tr
                      className="OneHourInterval"
                    >
                      <td
                        className="headcol"
                      >
                        22:00
                      </td>
                      <td
                        className="Interval"
                        id="22:00"
                        onClick={[Function]}
                      />
                    </tr>
                    <tr
                      className="OneHourInterval"
                    >
                      <td
                        className="headcol"
                      />
                      <td
                        className="Interval"
                        id="22:30"
                        onClick={[Function]}
                      />
                    </tr>
                  </div>
                  <div
                    className="OneHourInterval"
                  >
                    <tr
                      className="OneHourInterval"
                    >
                      <td
                        className="headcol"
                      >
                        23:00
                      </td>
                      <td
                        className="Interval"
                        id="23:00"
                        onClick={[Function]}
                      />
                    </tr>
                    <tr
                      className="OneHourInterval"
                    >
                      <td
                        className="headcol"
                      />
                      <td
                        className="Interval"
                        id="23:30"
                        onClick={[Function]}
                      />
                    </tr>
                  </div>
                </div>
              </tbody>
            </table>
          </div>
        </div>
      </div>
    </div>
    <div
      className="MuiGrid-root MuiGrid-item"
      id="unfinalized-component"
    >
      <div>
        <div>
          <header
            className="header"
          >
            <div
              className="calendar__title"
            >
              <div
                className="dropdown"
              >
                <button
                  className="dropbtn"
                  onClick={[Function]}
                >
                  Menu
                </button>
                <div
                  className="dropdown-content"
                  id="myDropdown"
                >
                  <a
                    href="#"
                  >
                    Home
                  </a>
                  <a
                    href="#"
                  >
                    Sign out
                  </a>
                </div>
              </div>
              <div>
                <button
                  className="secondary"
                  onClick={[Function]}
                  style={
                    Object {
                      "left": "165px",
                      "position": "absolute",
                      "top": "16px",
                    }
                  }
                >
                  Trip setting
                </button>
                <div
                  aria-hidden={true}
                  className="MuiBackdrop-root makeStyles-backdrop-1"
                  style={
                    Object {
                      "opacity": 0,
                      "visibility": "hidden",
                    }
                  }
                />
              </div>
            </div>
            <div
              className="gap"
            />
          </header>
          <table>
            <thead
              className="header-name"
            >
              <h6
                className="MuiTypography-root MuiTypography-h6 MuiTypography-gutterBottom"
              >
                Ideas
              </h6>
            </thead>
          </table>
        </div>
        <div
          className="MuiGrid-root"
          style={
            Object {
              "position": "absolute",
              "top": "120px",
              "width": "300px",
            }
          }
        />
      </div>
    </div>
  </div>
  <div
    className="MuiGrid-root"
    id="add-button-component"
  >
    <div>
      <button
        aria-label="add"
        className="MuiButtonBase-root MuiFab-root"
        disabled={false}
        onBlur={[Function]}
        onClick={[Function]}
        onDragLeave={[Function]}
        onFocus={[Function]}
        onKeyDown={[Function]}
        onKeyUp={[Function]}
        onMouseDown={[Function]}
        onMouseLeave={[Function]}
        onMouseUp={[Function]}
        onTouchEnd={[Function]}
        onTouchMove={[Function]}
        onTouchStart={[Function]}
        tabIndex={0}
        type="button"
      >
        <span
          className="MuiFab-label"
        >
          <svg
            aria-hidden={true}
            className="MuiSvgIcon-root"
            focusable="false"
            viewBox="0 0 24 24"
          >
            <path
              d="M19 13h-6v6h-2v-6H5v-2h6V5h2v6h6v2z"
            />
          </svg>
        </span>
        <span
          className="MuiTouchRipple-root"
        />
      </button>
      <div />
    </div>
  </div>
</div>
`;
